<?xml version="1.0" encoding="UTF-8"?>
<ptl:map xmlns:xsi="http://www.w3.org/2001/XMLSchema-instance" xmlns:ptl="http://partov.ce.sharif.edu/2013/PTL/Map" xsi:schemaLocation="http://partov.ce.sharif.edu/2013/PTL/Map map.xsd" ptl:name="mplsvpn" ptl:version="3.4" ptl:count="50">

  <ptl:links>
      <ptl:link ptl:name="lk-node0-node1" ptl:protocol="802.3" ptl:log="true"></ptl:link>
      <ptl:link ptl:name="lk-node0-node2" ptl:protocol="802.3" ptl:log="true"></ptl:link>
      <ptl:link ptl:name="lk-node0-node4" ptl:protocol="802.3" ptl:log="true"></ptl:link>
      <ptl:link ptl:name="lk-node1-node5" ptl:protocol="802.3" ptl:log="true"></ptl:link>
      <ptl:link ptl:name="lk-node2-node3" ptl:protocol="802.3" ptl:log="true"></ptl:link>
      <ptl:link ptl:name="lk-node3-node6" ptl:protocol="802.3" ptl:log="true"></ptl:link>
      <ptl:link ptl:name="lk-node3-node7" ptl:protocol="802.3" ptl:log="true"></ptl:link>
      <ptl:link ptl:name="lk-node4-node8" ptl:protocol="802.3" ptl:log="true"></ptl:link>
      <ptl:link ptl:name="lk-node5-node9" ptl:protocol="802.3" ptl:log="true"></ptl:link>
      <ptl:link ptl:name="lk-node5-node10" ptl:protocol="802.3" ptl:log="true"></ptl:link>
  </ptl:links>

  <ptl:nodes>
    <ptl:plugin ptl:name="node0" ptl:plugin-identifier="SimulatedNode">
      <ptl:interfaces>
        <ptl:ethernet-interface>
          <ptl:mac-address-ref>node0-interface0-mac</ptl:mac-address-ref>
          <ptl:ip-address-ref>node0-interface0-ip</ptl:ip-address-ref>
          <ptl:netmask>255.255.255.0</ptl:netmask>
          <ptl:connected-to-link ptl:name="lk-node0-node1" ptl:running="true"/>
        </ptl:ethernet-interface>
        <ptl:ethernet-interface>
          <ptl:mac-address-ref>node0-interface1-mac</ptl:mac-address-ref>
          <ptl:ip-address-ref>node0-interface1-ip</ptl:ip-address-ref>
          <ptl:netmask>255.255.255.0</ptl:netmask>
          <ptl:connected-to-link ptl:name="lk-node0-node2" ptl:running="true"/>
        </ptl:ethernet-interface>
        <ptl:ethernet-interface>
          <ptl:mac-address-ref>node0-interface2-mac</ptl:mac-address-ref>
          <ptl:ip-address-ref>node0-interface2-ip</ptl:ip-address-ref>
          <ptl:netmask>255.255.255.0</ptl:netmask>
          <ptl:connected-to-link ptl:name="lk-node0-node4" ptl:running="true"/>
        </ptl:ethernet-interface>
      </ptl:interfaces>
      <ptl:parameters>
          <ptl:param ptl:name="custom-information">
            <ptl:value>Default Table</ptl:value>
                <ptl:value>IP            MASK            Next-Hop      Next-Hop-Interface</ptl:value>
                <ptl:value>192.168.154.0 255.255.255.0   192.168.144.2 1</ptl:value>
                <ptl:value>192.168.155.0 255.255.255.0   192.168.145.2 0</ptl:value>

            <ptl:value>Interface-VPN Table</ptl:value>
              <ptl:value>Interface    VPN-Name</ptl:value>
              <ptl:value>0            N/A</ptl:value>
              <ptl:value>1            N/A</ptl:value>
              <ptl:value>2            N/A</ptl:value>

            <ptl:value>VRF-Tables</ptl:value>
              <ptl:value>vpn-A</ptl:value>
              <ptl:value>IP            MASK            vpn-label  out-ip        egress-interface</ptl:value>
              <ptl:value>192.168.200.2 255.255.255.252 2          192.168.154.2 N/A</ptl:value>
              <ptl:value>192.168.201.2 255.255.255.252 1          192.168.156.2 N/A</ptl:value>
              <ptl:value>192.168.202.2 255.255.255.252 3          192.168.155.2 N/A</ptl:value>
              <ptl:value>vpn-B</ptl:value>
              <ptl:value>IP            MASK            vpn-label  out-ip        egress-interface</ptl:value>
              <ptl:value>192.168.200.2 255.255.255.252 4          192.168.154.2 N/A</ptl:value>
              <ptl:value>192.168.202.2 255.255.255.252 5          192.168.155.2 N/A</ptl:value>

            <ptl:value>Tunnel Table</ptl:value>
              <ptl:value>IP            Tunnel-label egress-interface next-mac</ptl:value>
              <ptl:value>192.168.154.2 8            1                00:24:8C:09:00:0b</ptl:value>
              <ptl:value>192.168.155.2 7            0                00:24:8C:09:00:07</ptl:value>

            <ptl:value>LS Table</ptl:value>
              <ptl:value>ingress-label egress-label egress-mac        egress-interface</ptl:value>
              <ptl:value>8             7            00:24:8C:09:00:07 0</ptl:value>
              <ptl:value>7             8            00:24:8C:09:00:0b 1</ptl:value>
          </ptl:param>
      </ptl:parameters>
    </ptl:plugin>
    
    <ptl:plugin ptl:name="node1" ptl:plugin-identifier="SimulatedNode">
      <ptl:interfaces>
        <ptl:ethernet-interface>
          <ptl:mac-address-ref>node1-interface0-mac</ptl:mac-address-ref>
          <ptl:ip-address-ref>node1-interface0-ip</ptl:ip-address-ref>
          <ptl:netmask>255.255.255.0</ptl:netmask>
          <ptl:connected-to-link ptl:name="lk-node1-node5" ptl:running="true"/>
        </ptl:ethernet-interface>
        <ptl:ethernet-interface>
          <ptl:mac-address-ref>node1-interface1-mac</ptl:mac-address-ref>
          <ptl:ip-address-ref>node1-interface1-ip</ptl:ip-address-ref>
          <ptl:netmask>255.255.255.0</ptl:netmask>
          <ptl:connected-to-link ptl:name="lk-node0-node1" ptl:running="true"/>
        </ptl:ethernet-interface>
      </ptl:interfaces>
      <ptl:parameters>
          <ptl:param ptl:name="custom-information">
            <ptl:value>Default Table</ptl:value>
                <ptl:value>IP            MASK            Next-Hop      Next-Hop-Interface</ptl:value>
                <ptl:value>192.168.144.0 255.255.240.0   192.168.145.1 1</ptl:value>

            <ptl:value>Interface-VPN Table</ptl:value>
              <ptl:value>Interface    VPN-Name</ptl:value>
              <ptl:value>0            N/A</ptl:value>
              <ptl:value>1            N/A</ptl:value>

            <ptl:value>VRF-Tables</ptl:value>
              <ptl:value>vpn-A</ptl:value>
              <ptl:value>IP            MASK            vpn-label  out-ip        egress-interface</ptl:value>
              <ptl:value>192.168.200.2 255.255.255.252 2          192.168.154.2 N/A</ptl:value>
              <ptl:value>192.168.201.2 255.255.255.252 1          192.168.156.2 N/A</ptl:value>
              <ptl:value>192.168.202.2 255.255.255.252 3          192.168.155.2 N/A</ptl:value>
              <ptl:value>vpn-B</ptl:value>
              <ptl:value>IP            MASK            vpn-label  out-ip        egress-interface</ptl:value>
              <ptl:value>192.168.200.2 255.255.255.252 4          192.168.154.2 N/A</ptl:value>
              <ptl:value>192.168.202.2 255.255.255.252 5          192.168.155.2 N/A</ptl:value>

            <ptl:value>Tunnel Table</ptl:value>
              <ptl:value>IP            Tunnel-label egress-interface next-mac</ptl:value>
              <ptl:value>192.168.154.2 7            1                00:24:8C:09:00:01</ptl:value>
              <ptl:value>192.168.155.2 N/A          0                00:24:8C:09:00:1a</ptl:value>

            <ptl:value>LS Table</ptl:value>
              <ptl:value>ingress-label egress-label egress-mac        egress-interface</ptl:value>
              <ptl:value>7             POP          00:24:8C:09:00:1a 0</ptl:value>
              <ptl:value>6             7            00:24:8C:09:00:01 1</ptl:value>
          </ptl:param>
      </ptl:parameters>
    </ptl:plugin>
    

    <ptl:plugin ptl:name="node2" ptl:plugin-identifier="SimulatedNode">
      <ptl:interfaces>
        <ptl:ethernet-interface>
          <ptl:mac-address-ref>node2-interface0-mac</ptl:mac-address-ref>
          <ptl:ip-address-ref>node2-interface0-ip</ptl:ip-address-ref>
          <ptl:netmask>255.255.255.0</ptl:netmask>
          <ptl:connected-to-link ptl:name="lk-node0-node2" ptl:running="true"/>
        </ptl:ethernet-interface>
        <ptl:ethernet-interface>
          <ptl:mac-address-ref>node2-interface1-mac</ptl:mac-address-ref>
          <ptl:ip-address-ref>node2-interface1-ip</ptl:ip-address-ref>
          <ptl:netmask>255.255.255.0</ptl:netmask>
        <ptl:connected-to-link ptl:name="lk-node2-node3" ptl:running="true"/>
        </ptl:ethernet-interface>
      </ptl:interfaces>
      <ptl:parameters>
          <ptl:param ptl:name="custom-information">
            <ptl:value>Default Table</ptl:value>
                <ptl:value>IP            MASK            Next-Hop      Next-Hop-Interface</ptl:value>
                <ptl:value>192.168.144.0 255.255.240.0   192.168.144.1 0</ptl:value>

            <ptl:value>Interface-VPN Table</ptl:value>
              <ptl:value>Interface    VPN-Name</ptl:value>
              <ptl:value>0            N/A</ptl:value>
              <ptl:value>1            N/A</ptl:value>

            <ptl:value>VRF-Tables</ptl:value>
              <ptl:value>vpn-A</ptl:value>
              <ptl:value>IP            MASK            vpn-label  out-ip        egress-interface</ptl:value>
              <ptl:value>192.168.200.2 255.255.255.252 2          192.168.154.2 N/A</ptl:value>
              <ptl:value>192.168.201.2 255.255.255.252 1          192.168.156.2 N/A</ptl:value>
              <ptl:value>192.168.202.2 255.255.255.252 3          192.168.155.2 N/A</ptl:value>
              <ptl:value>vpn-B</ptl:value>
              <ptl:value>IP            MASK            vpn-label  out-ip        egress-interface</ptl:value>
              <ptl:value>192.168.200.2 255.255.255.252 4          192.168.154.2 N/A</ptl:value>
              <ptl:value>192.168.202.2 255.255.255.252 5          192.168.155.2 N/A</ptl:value>

            <ptl:value>Tunnel Table</ptl:value>
              <ptl:value>IP            Tunnel-label egress-interface next-mac</ptl:value>
              <ptl:value>192.168.154.2 N/A          1                00:24:8C:09:00:10</ptl:value>
              <ptl:value>192.168.155.2 8            0                00:24:8C:09:00:02</ptl:value>

            <ptl:value>LS Table</ptl:value>
              <ptl:value>ingress-label egress-label egress-mac        egress-interface</ptl:value>
              <ptl:value>9             8            00:24:8C:09:00:02 0</ptl:value>
              <ptl:value>8             POP          00:24:8C:09:00:10 1</ptl:value>
          </ptl:param>
      </ptl:parameters>
    </ptl:plugin>

    <ptl:plugin ptl:name="node3" ptl:plugin-identifier="SimulatedNode">
      <ptl:interfaces>
        <ptl:ethernet-interface>
          <ptl:mac-address-ref>node3-interface0-mac</ptl:mac-address-ref>
          <ptl:ip-address-ref>node3-interface0-ip</ptl:ip-address-ref>
          <ptl:netmask>255.255.255.0</ptl:netmask>
          <ptl:connected-to-link ptl:name="lk-node2-node3" ptl:running="true"/>
        </ptl:ethernet-interface>
        <ptl:ethernet-interface>
          <ptl:mac-address-ref>node3-interface1-mac</ptl:mac-address-ref>
          <ptl:ip-address-ref>node3-interface1-ip</ptl:ip-address-ref>
          <ptl:netmask>255.255.255.0</ptl:netmask>
          <ptl:connected-to-link ptl:name="lk-node3-node6" ptl:running="true"/>
        </ptl:ethernet-interface>
        <ptl:ethernet-interface>
          <ptl:mac-address-ref>node3-interface2-mac</ptl:mac-address-ref>
          <ptl:ip-address-ref>node3-interface2-ip</ptl:ip-address-ref>
          <ptl:netmask>255.255.255.0</ptl:netmask>
          <ptl:connected-to-link ptl:name="lk-node3-node7" ptl:running="true"/>
        </ptl:ethernet-interface>
      </ptl:interfaces>
      <ptl:parameters>
          <ptl:param ptl:name="custom-information">
            <ptl:value>Default Table</ptl:value>
                <ptl:value>IP            MASK            Next-Hop      Next-Hop-Interface</ptl:value>
                <ptl:value>192.168.144.0 255.255.240.0   192.168.154.1 0</ptl:value>

            <ptl:value>Interface-VPN Table</ptl:value>
              <ptl:value>Interface    VPN-Name</ptl:value>
              <ptl:value>0            N/A</ptl:value>
              <ptl:value>1            vpn-A</ptl:value>
              <ptl:value>2            vpn-B</ptl:value>

            <ptl:value>VRF-Tables</ptl:value>
              <ptl:value>vpn-A</ptl:value>
              <ptl:value>IP            MASK            vpn-label  out-ip        egress-interface</ptl:value>
              <ptl:value>192.168.200.2 255.255.255.252 2          192.168.200.2 1</ptl:value>
              <ptl:value>192.168.201.2 255.255.255.252 1          192.168.156.2 N/A</ptl:value>
              <ptl:value>192.168.202.2 255.255.255.252 3          192.168.155.2 N/A</ptl:value>
              <ptl:value>vpn-B</ptl:value>
              <ptl:value>IP            MASK            vpn-label  out-ip        egress-interface</ptl:value>
              <ptl:value>192.168.200.2 255.255.255.252 4          192.168.200.2 2</ptl:value>
              <ptl:value>192.168.202.2 255.255.255.252 5          192.168.155.2 N/A</ptl:value>

            <ptl:value>Tunnel Table</ptl:value>
              <ptl:value>IP            Tunnel-label egress-interface next-mac</ptl:value>
              <ptl:value>192.168.155.2 9            0                00:24:8C:09:00:0c</ptl:value>

            <ptl:value>LS Table</ptl:value>
              <ptl:value>ingress-label egress-label egress-mac        egress-interface</ptl:value>
              <ptl:value>2             POP          v:vpn-A           N/A</ptl:value>
              <ptl:value>4             POP          v:vpn-B           N/A</ptl:value>
          </ptl:param>
      </ptl:parameters>
    </ptl:plugin>

    <ptl:plugin ptl:name="node4" ptl:plugin-identifier="SimulatedNode">
      <ptl:interfaces>
        <ptl:ethernet-interface>
          <ptl:mac-address-ref>node4-interface0-mac</ptl:mac-address-ref>
          <ptl:ip-address-ref>node4-interface0-ip</ptl:ip-address-ref>
          <ptl:netmask>255.255.255.0</ptl:netmask>
          <ptl:connected-to-link ptl:name="lk-node0-node4" ptl:running="true"/>
        </ptl:ethernet-interface>
        <ptl:ethernet-interface>
          <ptl:mac-address-ref>node4-interface1-mac</ptl:mac-address-ref>
          <ptl:ip-address-ref>node4-interface1-ip</ptl:ip-address-ref>
          <ptl:netmask>255.255.255.0</ptl:netmask>
          <ptl:connected-to-link ptl:name="lk-node4-node8" ptl:running="true"/>
        </ptl:ethernet-interface>
      </ptl:interfaces>
      <ptl:parameters>
          <ptl:param ptl:name="custom-information">
            <ptl:value>Default Table</ptl:value>
                <ptl:value>IP            MASK            Next-Hop      Next-Hop-Interface</ptl:value>
                <ptl:value>192.168.144.0 255.255.240.0   192.168.156.1 0</ptl:value>

            <ptl:value>Interface-VPN Table</ptl:value>
              <ptl:value>Interface    VPN-Name</ptl:value>
              <ptl:value>0            N/A</ptl:value>
              <ptl:value>1            vpn-A</ptl:value>

            <ptl:value>VRF-Tables</ptl:value>
              <ptl:value>vpn-A</ptl:value>
              <ptl:value>IP            MASK            vpn-label  out-ip        egress-interface</ptl:value>
              <ptl:value>192.168.200.2 255.255.255.252 2          192.168.200.2 N/A</ptl:value>
              <ptl:value>192.168.201.2 255.255.255.252 1          192.168.201.2 1</ptl:value>
              <ptl:value>192.168.202.2 255.255.255.252 3          192.168.155.2 N/A</ptl:value>
              <ptl:value>vpn-B</ptl:value>
              <ptl:value>IP            MASK            vpn-label  out-ip        egress-interface</ptl:value>
              <ptl:value>192.168.200.2 255.255.255.252 4          192.168.200.2 N/A</ptl:value>
              <ptl:value>192.168.202.2 255.255.255.252 5          192.168.155.2 N/A</ptl:value>

            <ptl:value>Tunnel Table</ptl:value>
              <ptl:value>IP            Tunnel-label egress-interface next-mac</ptl:value>

            <ptl:value>LS Table</ptl:value>
              <ptl:value>ingress-label egress-label egress-mac        egress-interface</ptl:value>
              <ptl:value>1             POP          v:vpn-A           N/A</ptl:value>
          </ptl:param>
      </ptl:parameters>
    </ptl:plugin>


    <ptl:plugin ptl:name="node5" ptl:plugin-identifier="SimulatedNode">
      <ptl:interfaces>
        <ptl:ethernet-interface>
          <ptl:mac-address-ref>node5-interface0-mac</ptl:mac-address-ref>
          <ptl:ip-address-ref>node5-interface0-ip</ptl:ip-address-ref>
          <ptl:netmask>255.255.255.0</ptl:netmask>
          <ptl:connected-to-link ptl:name="lk-node1-node5" ptl:running="true"/>
        </ptl:ethernet-interface>
        <ptl:ethernet-interface>
          <ptl:mac-address-ref>node5-interface1-mac</ptl:mac-address-ref>
          <ptl:ip-address-ref>node5-interface1-ip</ptl:ip-address-ref>
          <ptl:netmask>255.255.255.0</ptl:netmask>
          <ptl:connected-to-link ptl:name="lk-node5-node10" ptl:running="true"/>
        </ptl:ethernet-interface>
        <ptl:ethernet-interface>
          <ptl:mac-address-ref>node5-interface2-mac</ptl:mac-address-ref>
          <ptl:ip-address-ref>node5-interface2-ip</ptl:ip-address-ref>
          <ptl:netmask>255.255.255.0</ptl:netmask>
          <ptl:connected-to-link ptl:name="lk-node5-node9" ptl:running="true"/>
        </ptl:ethernet-interface>
      </ptl:interfaces>
      <ptl:parameters>
          <ptl:param ptl:name="custom-information">
            <ptl:value>Default Table</ptl:value>
                <ptl:value>IP            MASK            Next-Hop      Next-Hop-Interface</ptl:value>
                <ptl:value>192.168.144.0 255.255.240.0   192.168.155.1 0</ptl:value>

            <ptl:value>Interface-VPN Table</ptl:value>
              <ptl:value>Interface    VPN-Name</ptl:value>
              <ptl:value>0            N/A</ptl:value>
              <ptl:value>1            vpn-A</ptl:value>
              <ptl:value>2            vpn-B</ptl:value>

            <ptl:value>VRF-Tables</ptl:value>
              <ptl:value>vpn-A</ptl:value>
              <ptl:value>IP            MASK            vpn-label  out-ip        egress-interface</ptl:value>
              <ptl:value>192.168.200.2 255.255.255.252 2          192.168.200.2 N/A</ptl:value>
              <ptl:value>192.168.201.2 255.255.255.252 1          192.168.156.2 N/A</ptl:value>
              <ptl:value>192.168.202.2 255.255.255.252 3          192.168.202.2 1</ptl:value>
              <ptl:value>vpn-B</ptl:value>
              <ptl:value>IP            MASK            vpn-label  out-ip        egress-interface</ptl:value>
              <ptl:value>192.168.200.2 255.255.255.252 4          192.168.200.2 N/A</ptl:value>
              <ptl:value>192.168.202.2 255.255.255.252 5          192.168.202.2 2</ptl:value>

            <ptl:value>Tunnel Table</ptl:value>
              <ptl:value>IP            Tunnel-label egress-interface next-mac</ptl:value>
              <ptl:value>192.168.154.2 6            0                00:24:8C:09:00:06</ptl:value>

            <ptl:value>LS Table</ptl:value>
              <ptl:value>ingress-label egress-label egress-mac        egress-interface</ptl:value>
              <ptl:value>3             POP          v:vpn-A           N/A</ptl:value>
              <ptl:value>5             POP          v:vpn-B           N/A</ptl:value>
          </ptl:param>
      </ptl:parameters>
    </ptl:plugin>


    <ptl:plugin ptl:name="node6" ptl:plugin-identifier="SimulatedNode">
      <ptl:interfaces>
        <ptl:ethernet-interface>
          <ptl:mac-address-ref>node6-interface0-mac</ptl:mac-address-ref>
          <ptl:ip-address-ref>node6-interface0-ip</ptl:ip-address-ref>
          <ptl:netmask>255.255.255.0</ptl:netmask>
          <ptl:connected-to-link ptl:name="lk-node3-node6" ptl:running="true"/>
        </ptl:ethernet-interface>
      </ptl:interfaces>
      <ptl:parameters>
          <ptl:param ptl:name="custom-information">
            <ptl:value>Default Table</ptl:value>
                <ptl:value>IP            MASK            Next-Hop      Next-Hop-Interface</ptl:value>
                <ptl:value>192.168.201.2 255.255.255.252 192.168.200.4 0</ptl:value>
                <ptl:value>192.168.202.2 255.255.255.252 192.168.200.4 0</ptl:value>

            <ptl:value>Interface-VPN Table</ptl:value>
              <ptl:value>Interface    VPN-Name</ptl:value>
              <ptl:value>0            N/A</ptl:value>

            <ptl:value>VRF-Tables</ptl:value>
              <ptl:value>IP            MASK            vpn-label  out-ip        egress-interface</ptl:value>

            <ptl:value>Tunnel Table</ptl:value>
              <ptl:value>IP            Tunnel-label egress-interface next-mac</ptl:value>

            <ptl:value>LS Table</ptl:value>
              <ptl:value>ingress-label egress-label egress-mac        egress-interface</ptl:value>
          </ptl:param>
      </ptl:parameters>
    </ptl:plugin>

    <ptl:plugin ptl:name="node7" ptl:plugin-identifier="SimulatedNode">
      <ptl:interfaces>
        <ptl:ethernet-interface>
          <ptl:mac-address-ref>node7-interface0-mac</ptl:mac-address-ref>
          <ptl:ip-address-ref>node7-interface0-ip</ptl:ip-address-ref>
          <ptl:netmask>255.255.255.0</ptl:netmask>
          <ptl:connected-to-link ptl:name="lk-node3-node7" ptl:running="true"/>
        </ptl:ethernet-interface>
      </ptl:interfaces>
      <ptl:parameters>
          <ptl:param ptl:name="custom-information">
            <ptl:value>Default Table</ptl:value>
                <ptl:value>IP            MASK            Next-Hop      Next-Hop-Interface</ptl:value>
                <ptl:value>192.168.202.2 255.255.255.252 192.168.200.5 0</ptl:value>

            <ptl:value>Interface-VPN Table</ptl:value>
              <ptl:value>Interface    VPN-Name</ptl:value>
              <ptl:value>0            N/A</ptl:value>

            <ptl:value>VRF-Tables</ptl:value>
              <ptl:value>IP            MASK            vpn-label  out-ip        egress-interface</ptl:value>

            <ptl:value>Tunnel Table</ptl:value>
              <ptl:value>IP            Tunnel-label egress-interface next-mac</ptl:value>

            <ptl:value>LS Table</ptl:value>
              <ptl:value>ingress-label egress-label egress-mac        egress-interface</ptl:value>
          </ptl:param>
      </ptl:parameters>
    </ptl:plugin>

    <ptl:plugin ptl:name="node8" ptl:plugin-identifier="SimulatedNode">
      <ptl:interfaces>
        <ptl:ethernet-interface>
          <ptl:mac-address-ref>node8-interface0-mac</ptl:mac-address-ref>
          <ptl:ip-address-ref>node8-interface0-ip</ptl:ip-address-ref>
          <ptl:netmask>255.255.255.0</ptl:netmask>
          <ptl:connected-to-link ptl:name="lk-node4-node8" ptl:running="true"/>
        </ptl:ethernet-interface>
      </ptl:interfaces>
      <ptl:parameters>
          <ptl:param ptl:name="custom-information">
            <ptl:value>Default Table</ptl:value>
                <ptl:value>IP            MASK            Next-Hop      Next-Hop-Interface</ptl:value>
                <ptl:value>192.168.200.2 255.255.255.252 192.168.201.4 0</ptl:value>
                <ptl:value>192.168.202.2 255.255.255.252 192.168.201.4 0</ptl:value>

            <ptl:value>Interface-VPN Table</ptl:value>
              <ptl:value>Interface    VPN-Name</ptl:value>
              <ptl:value>0            N/A</ptl:value>

            <ptl:value>VRF-Tables</ptl:value>
              <ptl:value>IP            MASK            vpn-label  out-ip        egress-interface</ptl:value>

            <ptl:value>Tunnel Table</ptl:value>
              <ptl:value>IP            Tunnel-label egress-interface next-mac</ptl:value>

            <ptl:value>LS Table</ptl:value>
              <ptl:value>ingress-label egress-label egress-mac        egress-interface</ptl:value>
          </ptl:param>
      </ptl:parameters>
    </ptl:plugin>

    <ptl:plugin ptl:name="node10" ptl:plugin-identifier="SimulatedNode">
      <ptl:interfaces>
        <ptl:ethernet-interface>
          <ptl:mac-address-ref>node10-interface0-mac</ptl:mac-address-ref>
          <ptl:ip-address-ref>node10-interface0-ip</ptl:ip-address-ref>
          <ptl:netmask>255.255.255.0</ptl:netmask>
          <ptl:connected-to-link ptl:name="lk-node5-node10" ptl:running="true"/>
        </ptl:ethernet-interface>
      </ptl:interfaces>
      <ptl:parameters>
          <ptl:param ptl:name="custom-information">
            <ptl:value>Default Table</ptl:value>
                <ptl:value>IP            MASK            Next-Hop      Next-Hop-Interface</ptl:value>
                <ptl:value>192.168.201.2 255.255.255.252 192.168.202.4 0</ptl:value>
                <ptl:value>192.168.200.2 255.255.255.252 192.168.202.4 0</ptl:value>

            <ptl:value>Interface-VPN Table</ptl:value>
              <ptl:value>Interface    VPN-Name</ptl:value>
              <ptl:value>0            N/A</ptl:value>

            <ptl:value>VRF-Tables</ptl:value>
              <ptl:value>IP            MASK            vpn-label  out-ip        egress-interface</ptl:value>

            <ptl:value>Tunnel Table</ptl:value>
              <ptl:value>IP            Tunnel-label egress-interface next-mac</ptl:value>

            <ptl:value>LS Table</ptl:value>
              <ptl:value>ingress-label egress-label egress-mac        egress-interface</ptl:value>
          </ptl:param>
      </ptl:parameters>
    </ptl:plugin>

    <ptl:plugin ptl:name="node9" ptl:plugin-identifier="SimulatedNode">
      <ptl:interfaces>
        <ptl:ethernet-interface>
          <ptl:mac-address-ref>node9-interface0-mac</ptl:mac-address-ref>
          <ptl:ip-address-ref>node9-interface0-ip</ptl:ip-address-ref>
          <ptl:netmask>255.255.255.0</ptl:netmask>
          <ptl:connected-to-link ptl:name="lk-node5-node9" ptl:running="true"/>
        </ptl:ethernet-interface>
      </ptl:interfaces>
      <ptl:parameters>
          <ptl:param ptl:name="custom-information">
            <ptl:value>Default Table</ptl:value>
                <ptl:value>IP            MASK            Next-Hop      Next-Hop-Interface</ptl:value>
                <ptl:value>192.168.200.2 255.255.255.252 192.168.202.5 0</ptl:value>

            <ptl:value>Interface-VPN Table</ptl:value>
              <ptl:value>Interface    VPN-Name</ptl:value>
              <ptl:value>0            N/A</ptl:value>

            <ptl:value>VRF-Tables</ptl:value>
              <ptl:value>IP            MASK            vpn-label  out-ip        egress-interface</ptl:value>

            <ptl:value>Tunnel Table</ptl:value>
              <ptl:value>IP            Tunnel-label egress-interface next-mac</ptl:value>

            <ptl:value>LS Table</ptl:value>
              <ptl:value>ingress-label egress-label egress-mac        egress-interface</ptl:value>
          </ptl:param>
      </ptl:parameters>
    </ptl:plugin>


  </ptl:nodes>

  <ptl:lists>
    <ptl:mac ptl:name="node0-interface0-mac">
      <ptl:item>00:24:8C:09:00:01</ptl:item>
    </ptl:mac>
    <ptl:ipv4 ptl:name="node0-interface0-ip">
      <ptl:item>192.168.145.1</ptl:item>
    </ptl:ipv4>
    <ptl:mac ptl:name="node0-interface1-mac">
      <ptl:item>00:24:8C:09:00:02</ptl:item>
    </ptl:mac>
    <ptl:ipv4 ptl:name="node0-interface1-ip">
      <ptl:item>192.168.144.1</ptl:item>
    </ptl:ipv4>
    <ptl:mac ptl:name="node0-interface2-mac">
      <ptl:item>00:24:8C:09:00:03</ptl:item>
    </ptl:mac>
    <ptl:ipv4 ptl:name="node0-interface2-ip">
      <ptl:item>192.168.156.1</ptl:item>
    </ptl:ipv4>

    <ptl:mac ptl:name="node1-interface0-mac">
      <ptl:item>00:24:8C:09:00:06</ptl:item>
    </ptl:mac>
    <ptl:ipv4 ptl:name="node1-interface0-ip">
      <ptl:item>192.168.155.1</ptl:item>
    </ptl:ipv4>
    <ptl:mac ptl:name="node1-interface1-mac">
      <ptl:item>00:24:8C:09:00:07</ptl:item>
    </ptl:mac>
    <ptl:ipv4 ptl:name="node1-interface1-ip">
      <ptl:item>192.168.145.2</ptl:item>
    </ptl:ipv4>
    

    <ptl:mac ptl:name="node2-interface0-mac">
      <ptl:item>00:24:8C:09:00:0b</ptl:item>
    </ptl:mac>
    <ptl:ipv4 ptl:name="node2-interface0-ip">
      <ptl:item>192.168.144.2</ptl:item>
    </ptl:ipv4>
    <ptl:mac ptl:name="node2-interface1-mac">
      <ptl:item>00:24:8C:09:00:0c</ptl:item>
    </ptl:mac>
    <ptl:ipv4 ptl:name="node2-interface1-ip">
      <ptl:item>192.168.154.1</ptl:item>
    </ptl:ipv4>
    

    <ptl:mac ptl:name="node3-interface0-mac">
      <ptl:item>00:24:8C:09:00:10</ptl:item>
    </ptl:mac>
    <ptl:ipv4 ptl:name="node3-interface0-ip">
      <ptl:item>192.168.154.2</ptl:item>
    </ptl:ipv4>
    <ptl:mac ptl:name="node3-interface1-mac">
      <ptl:item>00:24:8C:09:00:11</ptl:item>
    </ptl:mac>
    <ptl:ipv4 ptl:name="node3-interface1-ip">
      <ptl:item>192.168.200.4</ptl:item>
    </ptl:ipv4>
    <ptl:mac ptl:name="node3-interface2-mac">
      <ptl:item>00:24:8C:09:00:12</ptl:item>
    </ptl:mac>
    <ptl:ipv4 ptl:name="node3-interface2-ip">
      <ptl:item>192.168.200.5</ptl:item>
    </ptl:ipv4>

    <ptl:mac ptl:name="node4-interface0-mac">
      <ptl:item>00:24:8C:09:00:15</ptl:item>
    </ptl:mac>
    <ptl:ipv4 ptl:name="node4-interface0-ip">
      <ptl:item>192.168.156.2</ptl:item>
    </ptl:ipv4>
    <ptl:mac ptl:name="node4-interface1-mac">
      <ptl:item>00:24:8C:09:00:16</ptl:item>
    </ptl:mac>
    <ptl:ipv4 ptl:name="node4-interface1-ip">
      <ptl:item>192.168.201.4</ptl:item>
    </ptl:ipv4>

    <ptl:mac ptl:name="node5-interface0-mac">
      <ptl:item>00:24:8C:09:00:1a</ptl:item>
    </ptl:mac>
    <ptl:ipv4 ptl:name="node5-interface0-ip">
      <ptl:item>192.168.155.2</ptl:item>
    </ptl:ipv4>
    <ptl:mac ptl:name="node5-interface1-mac">
      <ptl:item>00:24:8C:09:00:1b</ptl:item>
    </ptl:mac>
    <ptl:ipv4 ptl:name="node5-interface1-ip">
      <ptl:item>192.168.202.4</ptl:item>
    </ptl:ipv4>
    <ptl:mac ptl:name="node5-interface2-mac">
      <ptl:item>00:24:8C:09:00:1c</ptl:item>
    </ptl:mac>
    <ptl:ipv4 ptl:name="node5-interface2-ip">
      <ptl:item>192.168.202.5</ptl:item>
    </ptl:ipv4>

    <ptl:mac ptl:name="node6-interface0-mac">
      <ptl:item>00:24:8C:09:00:1f</ptl:item>
    </ptl:mac>
    <ptl:ipv4 ptl:name="node6-interface0-ip">
      <ptl:item>192.168.200.2</ptl:item>
    </ptl:ipv4>

    <ptl:mac ptl:name="node7-interface0-mac">
      <ptl:item>00:24:8C:09:00:24</ptl:item>
    </ptl:mac>
    <ptl:ipv4 ptl:name="node7-interface0-ip">
      <ptl:item>192.168.200.2</ptl:item>
    </ptl:ipv4>
    

    <ptl:mac ptl:name="node8-interface0-mac">
      <ptl:item>00:24:8C:09:00:29</ptl:item>
    </ptl:mac>
    <ptl:ipv4 ptl:name="node8-interface0-ip">
      <ptl:item>192.168.201.2</ptl:item>
    </ptl:ipv4>
    

    <ptl:mac ptl:name="node9-interface0-mac">
      <ptl:item>00:24:8C:09:00:2e</ptl:item>
    </ptl:mac>
    <ptl:ipv4 ptl:name="node9-interface0-ip">
      <ptl:item>192.168.202.2</ptl:item>
    </ptl:ipv4>  

    <ptl:mac ptl:name="node10-interface0-mac">
      <ptl:item>00:24:8C:09:00:33</ptl:item>
    </ptl:mac>
    <ptl:ipv4 ptl:name="node10-interface0-ip">
      <ptl:item>192.168.202.2</ptl:item>
    </ptl:ipv4>

  </ptl:lists>
</ptl:map>

